exports[`<InputControl /> should render <InputControl /> component correctly 1`] = `
<input
  name="login"
  onChange={[Function]}
  type="text" />
`;
